Archive member included to satisfy reference by file (symbol)

c:/program files (x86)/atmel/studio/7.0/toolchain/avr8/avr8-gnu-toolchain/bin/../lib/gcc/avr/5.4.0/avr5\libgcc.a(_exit.o)
                              C:/Program Files (x86)/Atmel/Studio/7.0/Packs/atmel/ATmega_DFP/1.7.374/gcc/dev/atmega32/avr5/crtatmega32.o (exit)
c:/program files (x86)/atmel/studio/7.0/toolchain/avr8/avr8-gnu-toolchain/bin/../lib/gcc/avr/5.4.0/avr5\libgcc.a(_copy_data.o)
                              APP/main.o (__do_copy_data)
c:/program files (x86)/atmel/studio/7.0/toolchain/avr8/avr8-gnu-toolchain/bin/../lib/gcc/avr/5.4.0/avr5\libgcc.a(_clear_bss.o)
                              APP/main.o (__do_clear_bss)
c:/program files (x86)/atmel/studio/7.0/toolchain/avr8/avr8-gnu-toolchain/bin/../lib/gcc/avr/5.4.0/avr5\libgcc.a(_umulhisi3.o)
                              APP/main.o (__umulhisi3)
c:/program files (x86)/atmel/studio/7.0/toolchain/avr8/avr8-gnu-toolchain/bin/../lib/gcc/avr/5.4.0/avr5\libgcc.a(_muluhisi3.o)
                              MCAL/TIMER_program.o (__muluhisi3)
c:/program files (x86)/atmel/studio/7.0/toolchain/avr8/avr8-gnu-toolchain/bin/../lib/gcc/avr/5.4.0/../../../../avr/lib/avr5\libc.a(itoa.o)
                              HAL/LCD_program.o (itoa)
c:/program files (x86)/atmel/studio/7.0/toolchain/avr8/avr8-gnu-toolchain/bin/../lib/gcc/avr/5.4.0/../../../../avr/lib/avr5\libc.a(itoa_ncheck.o)
                              c:/program files (x86)/atmel/studio/7.0/toolchain/avr8/avr8-gnu-toolchain/bin/../lib/gcc/avr/5.4.0/../../../../avr/lib/avr5\libc.a(itoa.o) (__itoa_ncheck)
c:/program files (x86)/atmel/studio/7.0/toolchain/avr8/avr8-gnu-toolchain/bin/../lib/gcc/avr/5.4.0/../../../../avr/lib/avr5\libc.a(utoa_ncheck.o)
                              c:/program files (x86)/atmel/studio/7.0/toolchain/avr8/avr8-gnu-toolchain/bin/../lib/gcc/avr/5.4.0/../../../../avr/lib/avr5\libc.a(itoa_ncheck.o) (__utoa_common)
c:/program files (x86)/atmel/studio/7.0/toolchain/avr8/avr8-gnu-toolchain/bin/../lib/gcc/avr/5.4.0/../../../../avr/lib/avr5\libc.a(strrev.o)
                              c:/program files (x86)/atmel/studio/7.0/toolchain/avr8/avr8-gnu-toolchain/bin/../lib/gcc/avr/5.4.0/../../../../avr/lib/avr5\libc.a(utoa_ncheck.o) (strrev)

Allocating common symbols
Common symbol       size              file

EXT2_ptr            0x2               MCAL/EXT_program.o
receivedValue       0x1               APP/main.o
EXT1_ptr            0x2               MCAL/EXT_program.o
EXT0_ptr            0x2               MCAL/EXT_program.o
ADCSRA_bits         0x1               MCAL/ADC_program.o
TIMER0_OVF_ptr      0x2               MCAL/TIMER_program.o
TIMER0_CMP_ptr      0x2               MCAL/TIMER_program.o
SFIOR_bits          0x1               MCAL/ADC_program.o

Discarded input sections

 .data          0x00000000        0x0 C:/Program Files (x86)/Atmel/Studio/7.0/Packs/atmel/ATmega_DFP/1.7.374/gcc/dev/atmega32/avr5/crtatmega32.o
 .bss           0x00000000        0x0 C:/Program Files (x86)/Atmel/Studio/7.0/Packs/atmel/ATmega_DFP/1.7.374/gcc/dev/atmega32/avr5/crtatmega32.o
 .text          0x00000000        0x0 APP/main.o
 .data          0x00000000        0x0 APP/main.o
 .bss           0x00000000        0x0 APP/main.o
 .text          0x00000000        0x0 HAL/KEYPAD_program.o
 .data          0x00000000        0x0 HAL/KEYPAD_program.o
 .bss           0x00000000        0x0 HAL/KEYPAD_program.o
 .text.KEYPAD_getPressedKey
                0x00000000       0xd4 HAL/KEYPAD_program.o
 .data.colPins  0x00000000        0x4 HAL/KEYPAD_program.o
 .data.rowPins  0x00000000        0x4 HAL/KEYPAD_program.o
 .debug_info    0x00000000      0x2bd HAL/KEYPAD_program.o
 .debug_abbrev  0x00000000       0xca HAL/KEYPAD_program.o
 .debug_loc     0x00000000       0xcd HAL/KEYPAD_program.o
 .debug_aranges
                0x00000000       0x20 HAL/KEYPAD_program.o
 .debug_ranges  0x00000000       0x10 HAL/KEYPAD_program.o
 .debug_line    0x00000000      0x118 HAL/KEYPAD_program.o
 .debug_str     0x00000000      0x269 HAL/KEYPAD_program.o
 .comment       0x00000000       0x31 HAL/KEYPAD_program.o
 .debug_frame   0x00000000       0x44 HAL/KEYPAD_program.o
 .text          0x00000000        0x0 HAL/LCD_program.o
 .data          0x00000000        0x0 HAL/LCD_program.o
 .bss           0x00000000        0x0 HAL/LCD_program.o
 .text.LCD_displayStringRowColumn
                0x00000000       0x16 HAL/LCD_program.o
 .text.LCD_clearScreen
                0x00000000        0x8 HAL/LCD_program.o
 .text          0x00000000        0x0 HAL/LED_program.o
 .data          0x00000000        0x0 HAL/LED_program.o
 .bss           0x00000000        0x0 HAL/LED_program.o
 .text.LED_init
                0x00000000        0x8 HAL/LED_program.o
 .text.LED_ON   0x00000000        0x8 HAL/LED_program.o
 .text.LED_OFF  0x00000000        0x8 HAL/LED_program.o
 .text.LED_TOGGLE
                0x00000000        0x6 HAL/LED_program.o
 .text.LED_BLINK
                0x00000000       0x42 HAL/LED_program.o
 .debug_info    0x00000000      0x32c HAL/LED_program.o
 .debug_abbrev  0x00000000      0x11a HAL/LED_program.o
 .debug_loc     0x00000000      0x21f HAL/LED_program.o
 .debug_aranges
                0x00000000       0x40 HAL/LED_program.o
 .debug_ranges  0x00000000       0x30 HAL/LED_program.o
 .debug_line    0x00000000      0x1cf HAL/LED_program.o
 .debug_str     0x00000000      0x259 HAL/LED_program.o
 .comment       0x00000000       0x31 HAL/LED_program.o
 .debug_frame   0x00000000       0x70 HAL/LED_program.o
 .text          0x00000000        0x0 HAL/PUSHBUTTON_program.o
 .data          0x00000000        0x0 HAL/PUSHBUTTON_program.o
 .bss           0x00000000        0x0 HAL/PUSHBUTTON_program.o
 .text.buttonIsPressed
                0x00000000       0x52 HAL/PUSHBUTTON_program.o
 .debug_info    0x00000000      0x1c6 HAL/PUSHBUTTON_program.o
 .debug_abbrev  0x00000000      0x102 HAL/PUSHBUTTON_program.o
 .debug_loc     0x00000000       0xcf HAL/PUSHBUTTON_program.o
 .debug_aranges
                0x00000000       0x20 HAL/PUSHBUTTON_program.o
 .debug_ranges  0x00000000       0x10 HAL/PUSHBUTTON_program.o
 .debug_line    0x00000000      0x194 HAL/PUSHBUTTON_program.o
 .debug_str     0x00000000      0x235 HAL/PUSHBUTTON_program.o
 .comment       0x00000000       0x31 HAL/PUSHBUTTON_program.o
 .debug_frame   0x00000000       0x30 HAL/PUSHBUTTON_program.o
 .text          0x00000000        0x0 HAL/seven_segment_program.o
 .data          0x00000000        0x0 HAL/seven_segment_program.o
 .bss           0x00000000        0x0 HAL/seven_segment_program.o
 .text.sevenSegment_init
                0x00000000       0x52 HAL/seven_segment_program.o
 .text.sevenSegment_deinit
                0x00000000       0x2a HAL/seven_segment_program.o
 .text.sevenSegment_display
                0x00000000       0x56 HAL/seven_segment_program.o
 .text.enableOne
                0x00000000       0x42 HAL/seven_segment_program.o
 .text.disableOne
                0x00000000       0x42 HAL/seven_segment_program.o
 .text.display_all
                0x00000000      0x152 HAL/seven_segment_program.o
 .debug_info    0x00000000      0x6ec HAL/seven_segment_program.o
 .debug_abbrev  0x00000000      0x173 HAL/seven_segment_program.o
 .debug_loc     0x00000000      0x42a HAL/seven_segment_program.o
 .debug_aranges
                0x00000000       0x48 HAL/seven_segment_program.o
 .debug_ranges  0x00000000       0x38 HAL/seven_segment_program.o
 .debug_line    0x00000000      0x31b HAL/seven_segment_program.o
 .debug_str     0x00000000      0x30c HAL/seven_segment_program.o
 .comment       0x00000000       0x31 HAL/seven_segment_program.o
 .debug_frame   0x00000000       0xa4 HAL/seven_segment_program.o
 .text          0x00000000        0x0 MCAL/ADC_program.o
 .data          0x00000000        0x0 MCAL/ADC_program.o
 .bss           0x00000000        0x0 MCAL/ADC_program.o
 .text.ADC_autotrigger_init
                0x00000000       0x5c MCAL/ADC_program.o
 .text.ADC_autotrigger_readChannel
                0x00000000       0x24 MCAL/ADC_program.o
 COMMON         0x00000000        0x2 MCAL/ADC_program.o
 .text          0x00000000        0x0 MCAL/DIO_program.o
 .data          0x00000000        0x0 MCAL/DIO_program.o
 .bss           0x00000000        0x0 MCAL/DIO_program.o
 .text.DIO_voidSetPortDirection
                0x00000000       0x20 MCAL/DIO_program.o
 .text.DIO_voidSetPortValue
                0x00000000       0x20 MCAL/DIO_program.o
 .text.DIO_voidGetBitValue
                0x00000000       0x7c MCAL/DIO_program.o
 .text.DIO_TogglePin
                0x00000000       0x68 MCAL/DIO_program.o
 .text          0x00000000        0x0 MCAL/EXT_program.o
 .data          0x00000000        0x0 MCAL/EXT_program.o
 .bss           0x00000000        0x0 MCAL/EXT_program.o
 .text.EXT_init
                0x00000000       0xee MCAL/EXT_program.o
 .text.EXT_callback
                0x00000000       0x2a MCAL/EXT_program.o
 .text          0x00000000        0x0 MCAL/GIE_program.o
 .data          0x00000000        0x0 MCAL/GIE_program.o
 .bss           0x00000000        0x0 MCAL/GIE_program.o
 .text.GIE_enable
                0x00000000        0x8 MCAL/GIE_program.o
 .text.GIE_disable
                0x00000000        0x8 MCAL/GIE_program.o
 .debug_info    0x00000000       0xe4 MCAL/GIE_program.o
 .debug_abbrev  0x00000000       0x5e MCAL/GIE_program.o
 .debug_aranges
                0x00000000       0x28 MCAL/GIE_program.o
 .debug_ranges  0x00000000       0x18 MCAL/GIE_program.o
 .debug_line    0x00000000       0xb4 MCAL/GIE_program.o
 .debug_str     0x00000000      0x1ec MCAL/GIE_program.o
 .comment       0x00000000       0x31 MCAL/GIE_program.o
 .debug_frame   0x00000000       0x34 MCAL/GIE_program.o
 .text          0x00000000        0x0 MCAL/TIMER_program.o
 .data          0x00000000        0x0 MCAL/TIMER_program.o
 .bss           0x00000000        0x0 MCAL/TIMER_program.o
 .text.TIMER0_init
                0x00000000       0x2c MCAL/TIMER_program.o
 .text.TIMER0_PWM_init
                0x00000000       0x2e MCAL/TIMER_program.o
 .text.set_TCNT
                0x00000000        0x4 MCAL/TIMER_program.o
 .text.set_OCR  0x00000000        0x4 MCAL/TIMER_program.o
 .text.TIMER0_callback
                0x00000000       0x1e MCAL/TIMER_program.o
 .text.TIMER0_deinit
                0x00000000       0x14 MCAL/TIMER_program.o
 .text.delay    0x00000000      0x110 MCAL/TIMER_program.o
 .text          0x00000000        0x0 MCAL/UART_program.o
 .data          0x00000000        0x0 MCAL/UART_program.o
 .bss           0x00000000        0x0 MCAL/UART_program.o
 .text          0x00000000        0x0 MCAL/WDT_program.o
 .data          0x00000000        0x0 MCAL/WDT_program.o
 .bss           0x00000000        0x0 MCAL/WDT_program.o
 .text.WDT_enable
                0x00000000       0x1a MCAL/WDT_program.o
 .text.WDT_disable
                0x00000000        0xc MCAL/WDT_program.o
 .debug_info    0x00000000       0xd2 MCAL/WDT_program.o
 .debug_abbrev  0x00000000       0x67 MCAL/WDT_program.o
 .debug_aranges
                0x00000000       0x28 MCAL/WDT_program.o
 .debug_ranges  0x00000000       0x18 MCAL/WDT_program.o
 .debug_line    0x00000000       0xba MCAL/WDT_program.o
 .debug_str     0x00000000      0x1c1 MCAL/WDT_program.o
 .comment       0x00000000       0x31 MCAL/WDT_program.o
 .debug_frame   0x00000000       0x34 MCAL/WDT_program.o
 .text          0x00000000        0x0 c:/program files (x86)/atmel/studio/7.0/toolchain/avr8/avr8-gnu-toolchain/bin/../lib/gcc/avr/5.4.0/avr5\libgcc.a(_exit.o)
 .data          0x00000000        0x0 c:/program files (x86)/atmel/studio/7.0/toolchain/avr8/avr8-gnu-toolchain/bin/../lib/gcc/avr/5.4.0/avr5\libgcc.a(_exit.o)
 .bss           0x00000000        0x0 c:/program files (x86)/atmel/studio/7.0/toolchain/avr8/avr8-gnu-toolchain/bin/../lib/gcc/avr/5.4.0/avr5\libgcc.a(_exit.o)
 .text.libgcc.mul
                0x00000000        0x0 c:/program files (x86)/atmel/studio/7.0/toolchain/avr8/avr8-gnu-toolchain/bin/../lib/gcc/avr/5.4.0/avr5\libgcc.a(_exit.o)
 .text.libgcc.div
                0x00000000        0x0 c:/program files (x86)/atmel/studio/7.0/toolchain/avr8/avr8-gnu-toolchain/bin/../lib/gcc/avr/5.4.0/avr5\libgcc.a(_exit.o)
 .text.libgcc   0x00000000        0x0 c:/program files (x86)/atmel/studio/7.0/toolchain/avr8/avr8-gnu-toolchain/bin/../lib/gcc/avr/5.4.0/avr5\libgcc.a(_exit.o)
 .text.libgcc.prologue
                0x00000000        0x0 c:/program files (x86)/atmel/studio/7.0/toolchain/avr8/avr8-gnu-toolchain/bin/../lib/gcc/avr/5.4.0/avr5\libgcc.a(_exit.o)
 .text.libgcc.builtins
                0x00000000        0x0 c:/program files (x86)/atmel/studio/7.0/toolchain/avr8/avr8-gnu-toolchain/bin/../lib/gcc/avr/5.4.0/avr5\libgcc.a(_exit.o)
 .text.libgcc.fmul
                0x00000000        0x0 c:/program files (x86)/atmel/studio/7.0/toolchain/avr8/avr8-gnu-toolchain/bin/../lib/gcc/avr/5.4.0/avr5\libgcc.a(_exit.o)
 .text.libgcc.fixed
                0x00000000        0x0 c:/program files (x86)/atmel/studio/7.0/toolchain/avr8/avr8-gnu-toolchain/bin/../lib/gcc/avr/5.4.0/avr5\libgcc.a(_exit.o)
 .text          0x00000000        0x0 c:/program files (x86)/atmel/studio/7.0/toolchain/avr8/avr8-gnu-toolchain/bin/../lib/gcc/avr/5.4.0/avr5\libgcc.a(_copy_data.o)
 .data          0x00000000        0x0 c:/program files (x86)/atmel/studio/7.0/toolchain/avr8/avr8-gnu-toolchain/bin/../lib/gcc/avr/5.4.0/avr5\libgcc.a(_copy_data.o)
 .bss           0x00000000        0x0 c:/program files (x86)/atmel/studio/7.0/toolchain/avr8/avr8-gnu-toolchain/bin/../lib/gcc/avr/5.4.0/avr5\libgcc.a(_copy_data.o)
 .text.libgcc.mul
                0x00000000        0x0 c:/program files (x86)/atmel/studio/7.0/toolchain/avr8/avr8-gnu-toolchain/bin/../lib/gcc/avr/5.4.0/avr5\libgcc.a(_copy_data.o)
 .text.libgcc.div
                0x00000000        0x0 c:/program files (x86)/atmel/studio/7.0/toolchain/avr8/avr8-gnu-toolchain/bin/../lib/gcc/avr/5.4.0/avr5\libgcc.a(_copy_data.o)
 .text.libgcc   0x00000000        0x0 c:/program files (x86)/atmel/studio/7.0/toolchain/avr8/avr8-gnu-toolchain/bin/../lib/gcc/avr/5.4.0/avr5\libgcc.a(_copy_data.o)
 .text.libgcc.prologue
                0x00000000        0x0 c:/program files (x86)/atmel/studio/7.0/toolchain/avr8/avr8-gnu-toolchain/bin/../lib/gcc/avr/5.4.0/avr5\libgcc.a(_copy_data.o)
 .text.libgcc.builtins
                0x00000000        0x0 c:/program files (x86)/atmel/studio/7.0/toolchain/avr8/avr8-gnu-toolchain/bin/../lib/gcc/avr/5.4.0/avr5\libgcc.a(_copy_data.o)
 .text.libgcc.fmul
                0x00000000        0x0 c:/program files (x86)/atmel/studio/7.0/toolchain/avr8/avr8-gnu-toolchain/bin/../lib/gcc/avr/5.4.0/avr5\libgcc.a(_copy_data.o)
 .text.libgcc.fixed
                0x00000000        0x0 c:/program files (x86)/atmel/studio/7.0/toolchain/avr8/avr8-gnu-toolchain/bin/../lib/gcc/avr/5.4.0/avr5\libgcc.a(_copy_data.o)
 .text          0x00000000        0x0 c:/program files (x86)/atmel/studio/7.0/toolchain/avr8/avr8-gnu-toolchain/bin/../lib/gcc/avr/5.4.0/avr5\libgcc.a(_clear_bss.o)
 .data          0x00000000        0x0 c:/program files (x86)/atmel/studio/7.0/toolchain/avr8/avr8-gnu-toolchain/bin/../lib/gcc/avr/5.4.0/avr5\libgcc.a(_clear_bss.o)
 .bss           0x00000000        0x0 c:/program files (x86)/atmel/studio/7.0/toolchain/avr8/avr8-gnu-toolchain/bin/../lib/gcc/avr/5.4.0/avr5\libgcc.a(_clear_bss.o)
 .text.libgcc.mul
                0x00000000        0x0 c:/program files (x86)/atmel/studio/7.0/toolchain/avr8/avr8-gnu-toolchain/bin/../lib/gcc/avr/5.4.0/avr5\libgcc.a(_clear_bss.o)
 .text.libgcc.div
                0x00000000        0x0 c:/program files (x86)/atmel/studio/7.0/toolchain/avr8/avr8-gnu-toolchain/bin/../lib/gcc/avr/5.4.0/avr5\libgcc.a(_clear_bss.o)
 .text.libgcc   0x00000000        0x0 c:/program files (x86)/atmel/studio/7.0/toolchain/avr8/avr8-gnu-toolchain/bin/../lib/gcc/avr/5.4.0/avr5\libgcc.a(_clear_bss.o)
 .text.libgcc.prologue
                0x00000000        0x0 c:/program files (x86)/atmel/studio/7.0/toolchain/avr8/avr8-gnu-toolchain/bin/../lib/gcc/avr/5.4.0/avr5\libgcc.a(_clear_bss.o)
 .text.libgcc.builtins
                0x00000000        0x0 c:/program files (x86)/atmel/studio/7.0/toolchain/avr8/avr8-gnu-toolchain/bin/../lib/gcc/avr/5.4.0/avr5\libgcc.a(_clear_bss.o)
 .text.libgcc.fmul
                0x00000000        0x0 c:/program files (x86)/atmel/studio/7.0/toolchain/avr8/avr8-gnu-toolchain/bin/../lib/gcc/avr/5.4.0/avr5\libgcc.a(_clear_bss.o)
 .text.libgcc.fixed
                0x00000000        0x0 c:/program files (x86)/atmel/studio/7.0/toolchain/avr8/avr8-gnu-toolchain/bin/../lib/gcc/avr/5.4.0/avr5\libgcc.a(_clear_bss.o)
 .text          0x00000000        0x0 c:/program files (x86)/atmel/studio/7.0/toolchain/avr8/avr8-gnu-toolchain/bin/../lib/gcc/avr/5.4.0/avr5\libgcc.a(_umulhisi3.o)
 .data          0x00000000        0x0 c:/program files (x86)/atmel/studio/7.0/toolchain/avr8/avr8-gnu-toolchain/bin/../lib/gcc/avr/5.4.0/avr5\libgcc.a(_umulhisi3.o)
 .bss           0x00000000        0x0 c:/program files (x86)/atmel/studio/7.0/toolchain/avr8/avr8-gnu-toolchain/bin/../lib/gcc/avr/5.4.0/avr5\libgcc.a(_umulhisi3.o)
 .text.libgcc.div
                0x00000000        0x0 c:/program files (x86)/atmel/studio/7.0/toolchain/avr8/avr8-gnu-toolchain/bin/../lib/gcc/avr/5.4.0/avr5\libgcc.a(_umulhisi3.o)
 .text.libgcc   0x00000000        0x0 c:/program files (x86)/atmel/studio/7.0/toolchain/avr8/avr8-gnu-toolchain/bin/../lib/gcc/avr/5.4.0/avr5\libgcc.a(_umulhisi3.o)
 .text.libgcc.prologue
                0x00000000        0x0 c:/program files (x86)/atmel/studio/7.0/toolchain/avr8/avr8-gnu-toolchain/bin/../lib/gcc/avr/5.4.0/avr5\libgcc.a(_umulhisi3.o)
 .text.libgcc.builtins
                0x00000000        0x0 c:/program files (x86)/atmel/studio/7.0/toolchain/avr8/avr8-gnu-toolchain/bin/../lib/gcc/avr/5.4.0/avr5\libgcc.a(_umulhisi3.o)
 .text.libgcc.fmul
                0x00000000        0x0 c:/program files (x86)/atmel/studio/7.0/toolchain/avr8/avr8-gnu-toolchain/bin/../lib/gcc/avr/5.4.0/avr5\libgcc.a(_umulhisi3.o)
 .text.libgcc.fixed
                0x00000000        0x0 c:/program files (x86)/atmel/studio/7.0/toolchain/avr8/avr8-gnu-toolchain/bin/../lib/gcc/avr/5.4.0/avr5\libgcc.a(_umulhisi3.o)
 .text          0x00000000        0x0 c:/program files (x86)/atmel/studio/7.0/toolchain/avr8/avr8-gnu-toolchain/bin/../lib/gcc/avr/5.4.0/avr5\libgcc.a(_muluhisi3.o)
 .data          0x00000000        0x0 c:/program files (x86)/atmel/studio/7.0/toolchain/avr8/avr8-gnu-toolchain/bin/../lib/gcc/avr/5.4.0/avr5\libgcc.a(_muluhisi3.o)
 .bss           0x00000000        0x0 c:/program files (x86)/atmel/studio/7.0/toolchain/avr8/avr8-gnu-toolchain/bin/../lib/gcc/avr/5.4.0/avr5\libgcc.a(_muluhisi3.o)
 .text.libgcc.mul
                0x00000000       0x16 c:/program files (x86)/atmel/studio/7.0/toolchain/avr8/avr8-gnu-toolchain/bin/../lib/gcc/avr/5.4.0/avr5\libgcc.a(_muluhisi3.o)
 .text.libgcc.div
                0x00000000        0x0 c:/program files (x86)/atmel/studio/7.0/toolchain/avr8/avr8-gnu-toolchain/bin/../lib/gcc/avr/5.4.0/avr5\libgcc.a(_muluhisi3.o)
 .text.libgcc   0x00000000        0x0 c:/program files (x86)/atmel/studio/7.0/toolchain/avr8/avr8-gnu-toolchain/bin/../lib/gcc/avr/5.4.0/avr5\libgcc.a(_muluhisi3.o)
 .text.libgcc.prologue
                0x00000000        0x0 c:/program files (x86)/atmel/studio/7.0/toolchain/avr8/avr8-gnu-toolchain/bin/../lib/gcc/avr/5.4.0/avr5\libgcc.a(_muluhisi3.o)
 .text.libgcc.builtins
                0x00000000        0x0 c:/program files (x86)/atmel/studio/7.0/toolchain/avr8/avr8-gnu-toolchain/bin/../lib/gcc/avr/5.4.0/avr5\libgcc.a(_muluhisi3.o)
 .text.libgcc.fmul
                0x00000000        0x0 c:/program files (x86)/atmel/studio/7.0/toolchain/avr8/avr8-gnu-toolchain/bin/../lib/gcc/avr/5.4.0/avr5\libgcc.a(_muluhisi3.o)
 .text.libgcc.fixed
                0x00000000        0x0 c:/program files (x86)/atmel/studio/7.0/toolchain/avr8/avr8-gnu-toolchain/bin/../lib/gcc/avr/5.4.0/avr5\libgcc.a(_muluhisi3.o)
 .text          0x00000000        0x0 c:/program files (x86)/atmel/studio/7.0/toolchain/avr8/avr8-gnu-toolchain/bin/../lib/gcc/avr/5.4.0/../../../../avr/lib/avr5\libc.a(itoa.o)
 .data          0x00000000        0x0 c:/program files (x86)/atmel/studio/7.0/toolchain/avr8/avr8-gnu-toolchain/bin/../lib/gcc/avr/5.4.0/../../../../avr/lib/avr5\libc.a(itoa.o)
 .bss           0x00000000        0x0 c:/program files (x86)/atmel/studio/7.0/toolchain/avr8/avr8-gnu-toolchain/bin/../lib/gcc/avr/5.4.0/../../../../avr/lib/avr5\libc.a(itoa.o)
 .text          0x00000000        0x0 c:/program files (x86)/atmel/studio/7.0/toolchain/avr8/avr8-gnu-toolchain/bin/../lib/gcc/avr/5.4.0/../../../../avr/lib/avr5\libc.a(itoa_ncheck.o)
 .data          0x00000000        0x0 c:/program files (x86)/atmel/studio/7.0/toolchain/avr8/avr8-gnu-toolchain/bin/../lib/gcc/avr/5.4.0/../../../../avr/lib/avr5\libc.a(itoa_ncheck.o)
 .bss           0x00000000        0x0 c:/program files (x86)/atmel/studio/7.0/toolchain/avr8/avr8-gnu-toolchain/bin/../lib/gcc/avr/5.4.0/../../../../avr/lib/avr5\libc.a(itoa_ncheck.o)
 .text          0x00000000        0x0 c:/program files (x86)/atmel/studio/7.0/toolchain/avr8/avr8-gnu-toolchain/bin/../lib/gcc/avr/5.4.0/../../../../avr/lib/avr5\libc.a(utoa_ncheck.o)
 .data          0x00000000        0x0 c:/program files (x86)/atmel/studio/7.0/toolchain/avr8/avr8-gnu-toolchain/bin/../lib/gcc/avr/5.4.0/../../../../avr/lib/avr5\libc.a(utoa_ncheck.o)
 .bss           0x00000000        0x0 c:/program files (x86)/atmel/studio/7.0/toolchain/avr8/avr8-gnu-toolchain/bin/../lib/gcc/avr/5.4.0/../../../../avr/lib/avr5\libc.a(utoa_ncheck.o)
 .text          0x00000000        0x0 c:/program files (x86)/atmel/studio/7.0/toolchain/avr8/avr8-gnu-toolchain/bin/../lib/gcc/avr/5.4.0/../../../../avr/lib/avr5\libc.a(strrev.o)
 .data          0x00000000        0x0 c:/program files (x86)/atmel/studio/7.0/toolchain/avr8/avr8-gnu-toolchain/bin/../lib/gcc/avr/5.4.0/../../../../avr/lib/avr5\libc.a(strrev.o)
 .bss           0x00000000        0x0 c:/program files (x86)/atmel/studio/7.0/toolchain/avr8/avr8-gnu-toolchain/bin/../lib/gcc/avr/5.4.0/../../../../avr/lib/avr5\libc.a(strrev.o)

Memory Configuration

Name             Origin             Length             Attributes
text             0x00000000         0x00008000         xr
data             0x00800060         0x00000800         rw !x
eeprom           0x00810000         0x00000400         rw !x
fuse             0x00820000         0x00000002         rw !x
lock             0x00830000         0x00000400         rw !x
signature        0x00840000         0x00000400         rw !x
user_signatures  0x00850000         0x00000400         rw !x
*default*        0x00000000         0xffffffff

Linker script and memory map

LOAD C:/Program Files (x86)/Atmel/Studio/7.0/Packs/atmel/ATmega_DFP/1.7.374/gcc/dev/atmega32/avr5/crtatmega32.o
LOAD APP/main.o
LOAD HAL/KEYPAD_program.o
LOAD HAL/LCD_program.o
LOAD HAL/LED_program.o
LOAD HAL/PUSHBUTTON_program.o
LOAD HAL/seven_segment_program.o
LOAD MCAL/ADC_program.o
LOAD MCAL/DIO_program.o
LOAD MCAL/EXT_program.o
LOAD MCAL/GIE_program.o
LOAD MCAL/TIMER_program.o
LOAD MCAL/UART_program.o
LOAD MCAL/WDT_program.o
START GROUP
LOAD c:/program files (x86)/atmel/studio/7.0/toolchain/avr8/avr8-gnu-toolchain/bin/../lib/gcc/avr/5.4.0/../../../../avr/lib/avr5\libm.a
END GROUP
START GROUP
LOAD c:/program files (x86)/atmel/studio/7.0/toolchain/avr8/avr8-gnu-toolchain/bin/../lib/gcc/avr/5.4.0/avr5\libgcc.a
LOAD c:/program files (x86)/atmel/studio/7.0/toolchain/avr8/avr8-gnu-toolchain/bin/../lib/gcc/avr/5.4.0/../../../../avr/lib/avr5\libm.a
LOAD c:/program files (x86)/atmel/studio/7.0/toolchain/avr8/avr8-gnu-toolchain/bin/../lib/gcc/avr/5.4.0/../../../../avr/lib/avr5\libc.a
LOAD C:/Program Files (x86)/Atmel/Studio/7.0/Packs/atmel/ATmega_DFP/1.7.374/gcc/dev/atmega32/avr5\libatmega32.a
END GROUP
                0x00000000                __TEXT_REGION_ORIGIN__ = DEFINED (__TEXT_REGION_ORIGIN__)?__TEXT_REGION_ORIGIN__:0x0
                [0x00800060]                __DATA_REGION_ORIGIN__ = DEFINED (__DATA_REGION_ORIGIN__)?__DATA_REGION_ORIGIN__:0x800060
                [0x00008000]                __TEXT_REGION_LENGTH__ = DEFINED (__TEXT_REGION_LENGTH__)?__TEXT_REGION_LENGTH__:0x20000
                [0x00000800]                __DATA_REGION_LENGTH__ = DEFINED (__DATA_REGION_LENGTH__)?__DATA_REGION_LENGTH__:0xffa0
                [0x00000400]                __EEPROM_REGION_LENGTH__ = DEFINED (__EEPROM_REGION_LENGTH__)?__EEPROM_REGION_LENGTH__:0x10000
                [0x00000002]                __FUSE_REGION_LENGTH__ = DEFINED (__FUSE_REGION_LENGTH__)?__FUSE_REGION_LENGTH__:0x400
                0x00000400                __LOCK_REGION_LENGTH__ = DEFINED (__LOCK_REGION_LENGTH__)?__LOCK_REGION_LENGTH__:0x400
                0x00000400                __SIGNATURE_REGION_LENGTH__ = DEFINED (__SIGNATURE_REGION_LENGTH__)?__SIGNATURE_REGION_LENGTH__:0x400
                0x00000400                __USER_SIGNATURE_REGION_LENGTH__ = DEFINED (__USER_SIGNATURE_REGION_LENGTH__)?__USER_SIGNATURE_REGION_LENGTH__:0x400

.hash
 *(.hash)

.dynsym
 *(.dynsym)

.dynstr
 *(.dynstr)

.gnu.version
 *(.gnu.version)

.gnu.version_d
 *(.gnu.version_d)

.gnu.version_r
 *(.gnu.version_r)

.rel.init
 *(.rel.init)

.rela.init
 *(.rela.init)

.rel.text
 *(.rel.text)
 *(.rel.text.*)
 *(.rel.gnu.linkonce.t*)

.rela.text
 *(.rela.text)
 *(.rela.text.*)
 *(.rela.gnu.linkonce.t*)

.rel.fini
 *(.rel.fini)

.rela.fini
 *(.rela.fini)

.rel.rodata
 *(.rel.rodata)
 *(.rel.rodata.*)
 *(.rel.gnu.linkonce.r*)

.rela.rodata
 *(.rela.rodata)
 *(.rela.rodata.*)
 *(.rela.gnu.linkonce.r*)

.rel.data
 *(.rel.data)
 *(.rel.data.*)
 *(.rel.gnu.linkonce.d*)

.rela.data
 *(.rela.data)
 *(.rela.data.*)
 *(.rela.gnu.linkonce.d*)

.rel.ctors
 *(.rel.ctors)

.rela.ctors
 *(.rela.ctors)

.rel.dtors
 *(.rel.dtors)

.rela.dtors
 *(.rela.dtors)

.rel.got
 *(.rel.got)

.rela.got
 *(.rela.got)

.rel.bss
 *(.rel.bss)

.rela.bss
 *(.rela.bss)

.rel.plt
 *(.rel.plt)

.rela.plt
 *(.rela.plt)

.text           0x00000000      0x984
 *(.vectors)
 .vectors       0x00000000       0x54 C:/Program Files (x86)/Atmel/Studio/7.0/Packs/atmel/ATmega_DFP/1.7.374/gcc/dev/atmega32/avr5/crtatmega32.o
                0x00000000                __vector_default
                0x00000000                __vectors
 *(.vectors)
 *(.progmem.gcc*)
                0x00000054                . = ALIGN (0x2)
                0x00000054                __trampolines_start = .
 *(.trampolines)
 .trampolines   0x00000054        0x0 linker stubs
 *(.trampolines*)
                0x00000054                __trampolines_end = .
 *libprintf_flt.a:*(.progmem.data)
 *libc.a:*(.progmem.data)
 *(.progmem*)
                0x00000054                . = ALIGN (0x2)
 *(.jumptables)
 *(.jumptables*)
 *(.lowtext)
 *(.lowtext*)
                0x00000054                __ctors_start = .
 *(.ctors)
                0x00000054                __ctors_end = .
                0x00000054                __dtors_start = .
 *(.dtors)
                0x00000054                __dtors_end = .
 SORT(*)(.ctors)
 SORT(*)(.dtors)
 *(.init0)
 .init0         0x00000054        0x0 C:/Program Files (x86)/Atmel/Studio/7.0/Packs/atmel/ATmega_DFP/1.7.374/gcc/dev/atmega32/avr5/crtatmega32.o
                0x00000054                __init
 *(.init0)
 *(.init1)
 *(.init1)
 *(.init2)
 .init2         0x00000054        0xc C:/Program Files (x86)/Atmel/Studio/7.0/Packs/atmel/ATmega_DFP/1.7.374/gcc/dev/atmega32/avr5/crtatmega32.o
 *(.init2)
 *(.init3)
 *(.init3)
 *(.init4)
 .init4         0x00000060       0x16 c:/program files (x86)/atmel/studio/7.0/toolchain/avr8/avr8-gnu-toolchain/bin/../lib/gcc/avr/5.4.0/avr5\libgcc.a(_copy_data.o)
                0x00000060                __do_copy_data
 .init4         0x00000076       0x10 c:/program files (x86)/atmel/studio/7.0/toolchain/avr8/avr8-gnu-toolchain/bin/../lib/gcc/avr/5.4.0/avr5\libgcc.a(_clear_bss.o)
                0x00000076                __do_clear_bss
 *(.init4)
 *(.init5)
 *(.init5)
 *(.init6)
 *(.init6)
 *(.init7)
 *(.init7)
 *(.init8)
 *(.init8)
 *(.init9)
 .init9         0x00000086        0x8 C:/Program Files (x86)/Atmel/Studio/7.0/Packs/atmel/ATmega_DFP/1.7.374/gcc/dev/atmega32/avr5/crtatmega32.o
 *(.init9)
 *(.text)
 .text          0x0000008e        0x4 C:/Program Files (x86)/Atmel/Studio/7.0/Packs/atmel/ATmega_DFP/1.7.374/gcc/dev/atmega32/avr5/crtatmega32.o
                0x0000008e                __vector_12
                0x0000008e                __bad_interrupt
                0x0000008e                __vector_6
                0x0000008e                __vector_13
                0x0000008e                __vector_17
                0x0000008e                __vector_19
                0x0000008e                __vector_7
                0x0000008e                __vector_5
                0x0000008e                __vector_4
                0x0000008e                __vector_9
                0x0000008e                __vector_15
                0x0000008e                __vector_8
                0x0000008e                __vector_14
                0x0000008e                __vector_16
                0x0000008e                __vector_18
                0x0000008e                __vector_20
                0x00000092                . = ALIGN (0x2)
 *(.text.*)
 .text.main     0x00000092       0xb2 APP/main.o
                0x00000092                main
 .text.LCD_sendCommand
                0x00000144      0x14a HAL/LCD_program.o
                0x00000144                LCD_sendCommand
 .text.LCD_init
                0x0000028e       0x74 HAL/LCD_program.o
                0x0000028e                LCD_init
 .text.LCD_displayCharacter
                0x00000302      0x14a HAL/LCD_program.o
                0x00000302                LCD_displayCharacter
 .text.LCD_displayString
                0x0000044c       0x1a HAL/LCD_program.o
                0x0000044c                LCD_displayString
 .text.LCD_moveCursor
                0x00000466       0x2e HAL/LCD_program.o
                0x00000466                LCD_moveCursor
 .text.LCD_intgerToString
                0x00000494       0x3c HAL/LCD_program.o
                0x00000494                LCD_intgerToString
 .text.ADC_init
                0x000004d0       0x56 MCAL/ADC_program.o
                0x000004d0                ADC_init
 .text.ADC_readChannel
                0x00000526       0x2a MCAL/ADC_program.o
                0x00000526                ADC_readChannel
 .text.DIO_voidSetPinDirection
                0x00000550       0xda MCAL/DIO_program.o
                0x00000550                DIO_voidSetPinDirection
 .text.DIO_voidSetPinValue
                0x0000062a       0xda MCAL/DIO_program.o
                0x0000062a                DIO_voidSetPinValue
 .text.__vector_1
                0x00000704       0x4e MCAL/EXT_program.o
                0x00000704                __vector_1
 .text.__vector_2
                0x00000752       0x4e MCAL/EXT_program.o
                0x00000752                __vector_2
 .text.__vector_3
                0x000007a0       0x4e MCAL/EXT_program.o
                0x000007a0                __vector_3
 .text.__vector_11
                0x000007ee       0x4e MCAL/TIMER_program.o
                0x000007ee                __vector_11
 .text.__vector_10
                0x0000083c       0x4e MCAL/TIMER_program.o
                0x0000083c                __vector_10
 .text.UART_init
                0x0000088a       0x38 MCAL/UART_program.o
                0x0000088a                UART_init
 .text.UART_receive
                0x000008c2       0x12 MCAL/UART_program.o
                0x000008c2                UART_receive
 .text.UART_transmit
                0x000008d4        0xe MCAL/UART_program.o
                0x000008d4                UART_transmit
 .text.libgcc.mul
                0x000008e2       0x1e c:/program files (x86)/atmel/studio/7.0/toolchain/avr8/avr8-gnu-toolchain/bin/../lib/gcc/avr/5.4.0/avr5\libgcc.a(_umulhisi3.o)
                0x000008e2                __umulhisi3
 .text.avr-libc
                0x00000900       0x16 c:/program files (x86)/atmel/studio/7.0/toolchain/avr8/avr8-gnu-toolchain/bin/../lib/gcc/avr/5.4.0/../../../../avr/lib/avr5\libc.a(itoa.o)
                0x00000900                __itoa
                0x00000900                itoa
 .text.avr-libc
                0x00000916       0x16 c:/program files (x86)/atmel/studio/7.0/toolchain/avr8/avr8-gnu-toolchain/bin/../lib/gcc/avr/5.4.0/../../../../avr/lib/avr5\libc.a(itoa_ncheck.o)
                0x00000916                __itoa_ncheck
 .text.avr-libc
                0x0000092c       0x34 c:/program files (x86)/atmel/studio/7.0/toolchain/avr8/avr8-gnu-toolchain/bin/../lib/gcc/avr/5.4.0/../../../../avr/lib/avr5\libc.a(utoa_ncheck.o)
                0x0000092c                __utoa_ncheck
                0x0000092e                __utoa_common
 .text.avr-libc
                0x00000960       0x20 c:/program files (x86)/atmel/studio/7.0/toolchain/avr8/avr8-gnu-toolchain/bin/../lib/gcc/avr/5.4.0/../../../../avr/lib/avr5\libc.a(strrev.o)
                0x00000960                strrev
                0x00000980                . = ALIGN (0x2)
 *(.fini9)
 .fini9         0x00000980        0x0 c:/program files (x86)/atmel/studio/7.0/toolchain/avr8/avr8-gnu-toolchain/bin/../lib/gcc/avr/5.4.0/avr5\libgcc.a(_exit.o)
                0x00000980                _exit
                0x00000980                exit
 *(.fini9)
 *(.fini8)
 *(.fini8)
 *(.fini7)
 *(.fini7)
 *(.fini6)
 *(.fini6)
 *(.fini5)
 *(.fini5)
 *(.fini4)
 *(.fini4)
 *(.fini3)
 *(.fini3)
 *(.fini2)
 *(.fini2)
 *(.fini1)
 *(.fini1)
 *(.fini0)
 .fini0         0x00000980        0x4 c:/program files (x86)/atmel/studio/7.0/toolchain/avr8/avr8-gnu-toolchain/bin/../lib/gcc/avr/5.4.0/avr5\libgcc.a(_exit.o)
 *(.fini0)
                0x00000984                _etext = .

.data           0x00800060        0x8 load address 0x00000984
                0x00800060                PROVIDE (__data_start, .)
 *(.data)
 *(.data*)
 *(.gnu.linkonce.d*)
 *(.rodata)
 *(.rodata*)
 .rodata.str1.1
                0x00800060        0x7 APP/main.o
 *(.gnu.linkonce.r*)
                0x00800068                . = ALIGN (0x2)
 *fill*         0x00800067        0x1 
                0x00800068                _edata = .
                0x00800068                PROVIDE (__data_end, .)

.bss            0x00800068       0x10
                0x00800068                PROVIDE (__bss_start, .)
 *(.bss)
 *(.bss*)
 .bss.percentage
                0x00800068        0x1 APP/main.o
                0x00800068                percentage
 .bss.analogValue
                0x00800069        0x2 APP/main.o
                0x00800069                analogValue
 .bss.ptr       0x0080006b        0x2 APP/main.o
                0x0080006b                ptr
 *(COMMON)
 COMMON         0x0080006d        0x1 APP/main.o
                0x0080006d                receivedValue
 COMMON         0x0080006e        0x6 MCAL/EXT_program.o
                0x0080006e                EXT2_ptr
                0x00800070                EXT1_ptr
                0x00800072                EXT0_ptr
 COMMON         0x00800074        0x4 MCAL/TIMER_program.o
                0x00800074                TIMER0_OVF_ptr
                0x00800076                TIMER0_CMP_ptr
                0x00800078                PROVIDE (__bss_end, .)
                0x00000984                __data_load_start = LOADADDR (.data)
                0x0000098c                __data_load_end = (__data_load_start + SIZEOF (.data))

.noinit         0x00800078        0x0
                [!provide]                PROVIDE (__noinit_start, .)
 *(.noinit*)
                [!provide]                PROVIDE (__noinit_end, .)
                0x00800078                _end = .
                [!provide]                PROVIDE (__heap_start, .)

.eeprom         0x00810000        0x0
 *(.eeprom*)
                0x00810000                __eeprom_end = .

.fuse
 *(.fuse)
 *(.lfuse)
 *(.hfuse)
 *(.efuse)

.lock
 *(.lock*)

.signature
 *(.signature*)

.user_signatures
 *(.user_signatures*)

.stab
 *(.stab)

.stabstr
 *(.stabstr)

.stab.excl
 *(.stab.excl)

.stab.exclstr
 *(.stab.exclstr)

.stab.index
 *(.stab.index)

.stab.indexstr
 *(.stab.indexstr)

.comment        0x00000000       0x30
 *(.comment)
 .comment       0x00000000       0x30 APP/main.o
                                 0x31 (size before relaxing)
 .comment       0x00000030       0x31 HAL/LCD_program.o
 .comment       0x00000030       0x31 MCAL/ADC_program.o
 .comment       0x00000030       0x31 MCAL/DIO_program.o
 .comment       0x00000030       0x31 MCAL/EXT_program.o
 .comment       0x00000030       0x31 MCAL/TIMER_program.o
 .comment       0x00000030       0x31 MCAL/UART_program.o

.note.gnu.avr.deviceinfo
                0x00000000       0x3c
 .note.gnu.avr.deviceinfo
                0x00000000       0x3c C:/Program Files (x86)/Atmel/Studio/7.0/Packs/atmel/ATmega_DFP/1.7.374/gcc/dev/atmega32/avr5/crtatmega32.o

.note.gnu.build-id
 *(.note.gnu.build-id)

.debug
 *(.debug)

.line
 *(.line)

.debug_srcinfo
 *(.debug_srcinfo)

.debug_sfnames
 *(.debug_sfnames)

.debug_aranges  0x00000000      0x1c8
 *(.debug_aranges)
 .debug_aranges
                0x00000000       0x20 APP/main.o
 .debug_aranges
                0x00000020       0x58 HAL/LCD_program.o
 .debug_aranges
                0x00000078       0x38 MCAL/ADC_program.o
 .debug_aranges
                0x000000b0       0x48 MCAL/DIO_program.o
 .debug_aranges
                0x000000f8       0x40 MCAL/EXT_program.o
 .debug_aranges
                0x00000138       0x60 MCAL/TIMER_program.o
 .debug_aranges
                0x00000198       0x30 MCAL/UART_program.o

.debug_pubnames
 *(.debug_pubnames)

.debug_info     0x00000000     0x1df9
 *(.debug_info .gnu.linkonce.wi.*)
 .debug_info    0x00000000      0x4e6 C:/Program Files (x86)/Atmel/Studio/7.0/Packs/atmel/ATmega_DFP/1.7.374/gcc/dev/atmega32/avr5/crtatmega32.o
 .debug_info    0x000004e6      0x2f3 APP/main.o
 .debug_info    0x000007d9      0xad4 HAL/LCD_program.o
 .debug_info    0x000012ad      0x1ed MCAL/ADC_program.o
 .debug_info    0x0000149a      0x20f MCAL/DIO_program.o
 .debug_info    0x000016a9      0x22d MCAL/EXT_program.o
 .debug_info    0x000018d6      0x2ed MCAL/TIMER_program.o
 .debug_info    0x00001bc3      0x236 MCAL/UART_program.o

.debug_abbrev   0x00000000      0xb92
 *(.debug_abbrev)
 .debug_abbrev  0x00000000      0x4a3 C:/Program Files (x86)/Atmel/Studio/7.0/Packs/atmel/ATmega_DFP/1.7.374/gcc/dev/atmega32/avr5/crtatmega32.o
 .debug_abbrev  0x000004a3       0xd1 APP/main.o
 .debug_abbrev  0x00000574      0x1a4 HAL/LCD_program.o
 .debug_abbrev  0x00000718       0xb0 MCAL/ADC_program.o
 .debug_abbrev  0x000007c8       0xc1 MCAL/DIO_program.o
 .debug_abbrev  0x00000889      0x114 MCAL/EXT_program.o
 .debug_abbrev  0x0000099d      0x12f MCAL/TIMER_program.o
 .debug_abbrev  0x00000acc       0xc6 MCAL/UART_program.o

.debug_line     0x00000000      0xfc0
 *(.debug_line .debug_line.* .debug_line_end)
 .debug_line    0x00000000      0x116 C:/Program Files (x86)/Atmel/Studio/7.0/Packs/atmel/ATmega_DFP/1.7.374/gcc/dev/atmega32/avr5/crtatmega32.o
 .debug_line    0x00000116      0x130 APP/main.o
 .debug_line    0x00000246      0x3e5 HAL/LCD_program.o
 .debug_line    0x0000062b      0x1a4 MCAL/ADC_program.o
 .debug_line    0x000007cf      0x261 MCAL/DIO_program.o
 .debug_line    0x00000a30      0x200 MCAL/EXT_program.o
 .debug_line    0x00000c30      0x273 MCAL/TIMER_program.o
 .debug_line    0x00000ea3      0x11d MCAL/UART_program.o

.debug_frame    0x00000000      0x494
 *(.debug_frame)
 .debug_frame   0x00000000       0x24 APP/main.o
 .debug_frame   0x00000024       0xcc HAL/LCD_program.o
 .debug_frame   0x000000f0       0x54 MCAL/ADC_program.o
 .debug_frame   0x00000144       0x74 MCAL/DIO_program.o
 .debug_frame   0x000001b8      0x144 MCAL/EXT_program.o
 .debug_frame   0x000002fc      0x154 MCAL/TIMER_program.o
 .debug_frame   0x00000450       0x44 MCAL/UART_program.o

.debug_str      0x00000000      0x8f6
 *(.debug_str)
 .debug_str     0x00000000      0x196 C:/Program Files (x86)/Atmel/Studio/7.0/Packs/atmel/ATmega_DFP/1.7.374/gcc/dev/atmega32/avr5/crtatmega32.o
 .debug_str     0x00000196      0x2b1 APP/main.o
                                0x2e5 (size before relaxing)
 .debug_str     0x00000447       0xf0 HAL/LCD_program.o
                                0x33a (size before relaxing)
 .debug_str     0x00000537       0xce MCAL/ADC_program.o
                                0x26d (size before relaxing)
 .debug_str     0x00000605       0xc8 MCAL/DIO_program.o
                                0x29d (size before relaxing)
 .debug_str     0x000006cd       0x7a MCAL/EXT_program.o
                                0x275 (size before relaxing)
 .debug_str     0x00000747      0x14e MCAL/TIMER_program.o
                                0x2d3 (size before relaxing)
 .debug_str     0x00000895       0x61 MCAL/UART_program.o
                                0x28e (size before relaxing)

.debug_loc      0x00000000     0x1085
 *(.debug_loc)
 .debug_loc     0x00000000      0x699 HAL/LCD_program.o
 .debug_loc     0x00000699       0x42 MCAL/ADC_program.o
 .debug_loc     0x000006db      0x2b0 MCAL/DIO_program.o
 .debug_loc     0x0000098b      0x32e MCAL/EXT_program.o
 .debug_loc     0x00000cb9      0x306 MCAL/TIMER_program.o
 .debug_loc     0x00000fbf       0xc6 MCAL/UART_program.o

.debug_macinfo
 *(.debug_macinfo)

.debug_weaknames
 *(.debug_weaknames)

.debug_funcnames
 *(.debug_funcnames)

.debug_typenames
 *(.debug_typenames)

.debug_varnames
 *(.debug_varnames)

.debug_pubtypes
 *(.debug_pubtypes)

.debug_ranges   0x00000000      0x1a0
 *(.debug_ranges)
 .debug_ranges  0x00000000       0x10 APP/main.o
 .debug_ranges  0x00000010       0x48 HAL/LCD_program.o
 .debug_ranges  0x00000058       0x28 MCAL/ADC_program.o
 .debug_ranges  0x00000080       0x38 MCAL/DIO_program.o
 .debug_ranges  0x000000b8       0x30 MCAL/EXT_program.o
 .debug_ranges  0x000000e8       0x98 MCAL/TIMER_program.o
 .debug_ranges  0x00000180       0x20 MCAL/UART_program.o

.debug_macro
 *(.debug_macro)
OUTPUT(Drivers.elf elf32-avr)
LOAD linker stubs
